# do {tb_top_simulate.do}
# vsim -voptargs=""+acc"" -L xil_defaultlib -L unisims_ver -L unimacro_ver -L secureip -L xpm -lib xil_defaultlib xil_defaultlib.tb_arbitor xil_defaultlib.glbl 
# Start time: 01:00:18 on Jul 18,2026
# ** Note: (vsim-3813) Design is being optimized due to module recompilation...
# //  ModelSim SE-64 2020.4 Oct 13 2020
# //
# //  Copyright 1991-2020 Mentor Graphics Corporation
# //  All Rights Reserved.
# //
# //  ModelSim SE-64 and its associated documentation contain trade
# //  secrets and commercial or financial information that are the property of
# //  Mentor Graphics Corporation and are privileged, confidential,
# //  and exempt from disclosure under the Freedom of Information Act,
# //  5 U.S.C. Section 552. Furthermore, this information
# //  is prohibited from disclosure under the Trade Secrets Act,
# //  18 U.S.C. Section 1905.
# //
# Loading work.tb_arbitor(fast)
# Loading work.arbitor(fast)
# Loading work.glbl(fast)
# 1
# 1
# ** Warning: (vsim-WLF-5000) WLF file currently in use: vsim.wlf
#           File in use by: alftor  Hostname: HUNTER  ProcessID: 26628
#           Attempting to use alternate WLF file "./wlfttkew17".
# ** Warning: (vsim-WLF-5001) Could not open WLF file: vsim.wlf
#           Using alternate file: ./wlfttkew17
# End time: 01:00:23 on Jul 18,2026, Elapsed time: 0:00:05
# Errors: 0, Warnings: 2
